2026-05-05 13:50:21,543 [INFO] ===== Start new session =====
2026-05-05 14:00:49,578 [INFO] ===== Start new session =====
2026-05-05 14:04:34,497 [INFO] Waiting for F5 (TopLeft)...
2026-05-05 14:04:37,850 [INFO] TopLeft recorded at Point(x=293, y=286)
2026-05-05 14:04:37,850 [INFO] Waiting for F6 (BottomRight)...
2026-05-05 14:04:40,978 [INFO] BottomRight recorded at Point(x=472, y=312)
2026-05-05 14:04:41,019 [INFO] Check items saved after position update.
2026-05-05 14:08:22,976 [INFO] Waiting for F5 (TopLeft)...
2026-05-05 14:08:25,387 [INFO] TopLeft recorded at Point(x=835, y=370)
2026-05-05 14:08:25,387 [INFO] Waiting for F6 (BottomRight)...
2026-05-05 14:08:29,198 [INFO] BottomRight recorded at Point(x=1077, y=408)
2026-05-05 14:08:29,248 [INFO] Check items saved after position update.
2026-05-05 14:09:32,476 [INFO] Image saved to: F:\DPI_AT_Project\AILanguage\CapturedImg\ocr_20260505_140916\Open_Recent_Recipe.jpg
2026-05-05 14:09:32,480 [DEBUG] ['C:\\Program Files\\Tesseract-OCR\\tesseract.exe', 'C:\\Users\\Admin\\AppData\\Local\\Temp\\tess_sw19ywvp_input.PNG', 'C:\\Users\\Admin\\AppData\\Local\\Temp\\tess_sw19ywvp', '-l', 'eng', '--psm', '7', 'txt']
2026-05-05 14:09:36,129 [ERROR] Failed to save Excel report
Traceback (most recent call last):
  File "F:\DPI_AT_Project\AILanguage\ui_runner.py", line 147, in run_script
    df_report.to_excel(report_path, index=False)
    ~~~~~~~~~~~~~~~~~~^^^^^^^^^^^^^^^^^^^^^^^^^^
  File "C:\Users\Admin\AppData\Local\Programs\Python\Python314\Lib\site-packages\pandas\core\generic.py", line 2312, in to_excel
    formatter.write(
    ~~~~~~~~~~~~~~~^
        excel_writer,
        ^^^^^^^^^^^^^
    ...<6 lines>...
        engine_kwargs=engine_kwargs,
        ^^^^^^^^^^^^^^^^^^^^^^^^^^^^
    )
    ^
  File "C:\Users\Admin\AppData\Local\Programs\Python\Python314\Lib\site-packages\pandas\io\formats\excel.py", line 1003, in write
    writer = ExcelWriter(
        writer,
    ...<2 lines>...
        engine_kwargs=engine_kwargs,
    )
  File "C:\Users\Admin\AppData\Local\Programs\Python\Python314\Lib\site-packages\pandas\io\excel\_openpyxl.py", line 58, in __init__
    from openpyxl.workbook import Workbook
ModuleNotFoundError: No module named 'openpyxl'
2026-05-05 14:09:42,531 [INFO] Image saved to: F:\DPI_AT_Project\AILanguage\CapturedImg\ocr_20260505_140936\NEPTUNE_C.jpg
2026-05-05 14:09:42,533 [DEBUG] ['C:\\Program Files\\Tesseract-OCR\\tesseract.exe', 'C:\\Users\\Admin\\AppData\\Local\\Temp\\tess_ltrzg56d_input.PNG', 'C:\\Users\\Admin\\AppData\\Local\\Temp\\tess_ltrzg56d', '-l', 'eng', '--psm', '7', 'txt']
2026-05-05 14:10:24,668 [INFO] Image saved to: F:\DPI_AT_Project\AILanguage\CapturedImg\ocr_20260505_141008\Open_Recent_Recipe.jpg
2026-05-05 14:10:24,670 [DEBUG] ['C:\\Program Files\\Tesseract-OCR\\tesseract.exe', 'C:\\Users\\Admin\\AppData\\Local\\Temp\\tess_riv6xedd_input.PNG', 'C:\\Users\\Admin\\AppData\\Local\\Temp\\tess_riv6xedd', '-l', 'eng', '--psm', '7', 'txt']
2026-05-05 14:10:27,840 [ERROR] Failed to save Excel report
Traceback (most recent call last):
  File "F:\DPI_AT_Project\AILanguage\ui_runner.py", line 147, in run_script
    df_report.to_excel(report_path, index=False)
    ~~~~~~~~~~~~~~~~~~^^^^^^^^^^^^^^^^^^^^^^^^^^
  File "C:\Users\Admin\AppData\Local\Programs\Python\Python314\Lib\site-packages\pandas\core\generic.py", line 2312, in to_excel
    formatter.write(
    ~~~~~~~~~~~~~~~^
        excel_writer,
        ^^^^^^^^^^^^^
    ...<6 lines>...
        engine_kwargs=engine_kwargs,
        ^^^^^^^^^^^^^^^^^^^^^^^^^^^^
    )
    ^
  File "C:\Users\Admin\AppData\Local\Programs\Python\Python314\Lib\site-packages\pandas\io\formats\excel.py", line 1003, in write
    writer = ExcelWriter(
        writer,
    ...<2 lines>...
        engine_kwargs=engine_kwargs,
    )
  File "C:\Users\Admin\AppData\Local\Programs\Python\Python314\Lib\site-packages\pandas\io\excel\_openpyxl.py", line 58, in __init__
    from openpyxl.workbook import Workbook
ModuleNotFoundError: No module named 'openpyxl'
2026-05-05 14:10:34,247 [INFO] Image saved to: F:\DPI_AT_Project\AILanguage\CapturedImg\ocr_20260505_141027\NEPTUNE_C.jpg
2026-05-05 14:10:34,248 [DEBUG] ['C:\\Program Files\\Tesseract-OCR\\tesseract.exe', 'C:\\Users\\Admin\\AppData\\Local\\Temp\\tess_cdhyf2c8_input.PNG', 'C:\\Users\\Admin\\AppData\\Local\\Temp\\tess_cdhyf2c8', '-l', 'eng', '--psm', '7', 'txt']
2026-05-05 14:11:34,152 [INFO] Image saved to: F:\DPI_AT_Project\AILanguage\CapturedImg\ocr_20260505_141118\Open_Recent_Recipe.jpg
2026-05-05 14:11:34,154 [DEBUG] ['C:\\Program Files\\Tesseract-OCR\\tesseract.exe', 'C:\\Users\\Admin\\AppData\\Local\\Temp\\tess_aj52_qgb_input.PNG', 'C:\\Users\\Admin\\AppData\\Local\\Temp\\tess_aj52_qgb', '-l', 'eng', '--psm', '7', 'txt']
2026-05-05 14:11:37,325 [ERROR] Failed to save Excel report
Traceback (most recent call last):
  File "F:\DPI_AT_Project\AILanguage\ui_runner.py", line 147, in run_script
    df_report.to_excel(report_path, index=False)
    ~~~~~~~~~~~~~~~~~~^^^^^^^^^^^^^^^^^^^^^^^^^^
  File "C:\Users\Admin\AppData\Local\Programs\Python\Python314\Lib\site-packages\pandas\core\generic.py", line 2312, in to_excel
    formatter.write(
    ~~~~~~~~~~~~~~~^
        excel_writer,
        ^^^^^^^^^^^^^
    ...<6 lines>...
        engine_kwargs=engine_kwargs,
        ^^^^^^^^^^^^^^^^^^^^^^^^^^^^
    )
    ^
  File "C:\Users\Admin\AppData\Local\Programs\Python\Python314\Lib\site-packages\pandas\io\formats\excel.py", line 1003, in write
    writer = ExcelWriter(
        writer,
    ...<2 lines>...
        engine_kwargs=engine_kwargs,
    )
  File "C:\Users\Admin\AppData\Local\Programs\Python\Python314\Lib\site-packages\pandas\io\excel\_openpyxl.py", line 58, in __init__
    from openpyxl.workbook import Workbook
ModuleNotFoundError: No module named 'openpyxl'
2026-05-05 14:11:43,713 [INFO] Image saved to: F:\DPI_AT_Project\AILanguage\CapturedImg\ocr_20260505_141137\NEPTUNE_C.jpg
2026-05-05 14:11:43,714 [DEBUG] ['C:\\Program Files\\Tesseract-OCR\\tesseract.exe', 'C:\\Users\\Admin\\AppData\\Local\\Temp\\tess_4dgdew0x_input.PNG', 'C:\\Users\\Admin\\AppData\\Local\\Temp\\tess_4dgdew0x', '-l', 'eng', '--psm', '7', 'txt']
2026-05-05 14:28:39,057 [INFO] Image saved to: F:\DPI_AT_Project\AILanguage\CapturedImg\ocr_20260505_142823\Open_Recent_Recipe.jpg
2026-05-05 14:28:39,058 [DEBUG] ['C:\\Program Files\\Tesseract-OCR\\tesseract.exe', 'C:\\Users\\Admin\\AppData\\Local\\Temp\\tess_s1k938k8_input.PNG', 'C:\\Users\\Admin\\AppData\\Local\\Temp\\tess_s1k938k8', '-l', 'eng', '--psm', '7', 'txt']
2026-05-05 14:28:42,491 [INFO] Done. Report saved to: F:\DPI_AT_Project\AILanguage\Result\ocr_result_report_20260505_142842.xlsx
2026-05-05 14:28:48,900 [INFO] Image saved to: F:\DPI_AT_Project\AILanguage\CapturedImg\ocr_20260505_142842\NEPTUNE_C.jpg
2026-05-05 14:28:48,902 [DEBUG] ['C:\\Program Files\\Tesseract-OCR\\tesseract.exe', 'C:\\Users\\Admin\\AppData\\Local\\Temp\\tess_gaydhu1l_input.PNG', 'C:\\Users\\Admin\\AppData\\Local\\Temp\\tess_gaydhu1l', '-l', 'eng', '--psm', '7', 'txt']
2026-05-05 14:30:42,486 [INFO] Waiting for F5 (TopLeft)...
2026-05-05 14:30:46,843 [INFO] TopLeft recorded at Point(x=908, y=651)
2026-05-05 14:30:46,843 [INFO] Waiting for F6 (BottomRight)...
2026-05-05 14:30:49,139 [INFO] BottomRight recorded at Point(x=1012, y=668)
2026-05-05 14:30:49,162 [INFO] Check items saved after position update.
2026-05-05 14:31:21,369 [INFO] Image saved to: F:\DPI_AT_Project\AILanguage\CapturedImg\ocr_20260505_143110\Open_Recent_Recipe.jpg
2026-05-05 14:31:21,371 [DEBUG] ['C:\\Program Files\\Tesseract-OCR\\tesseract.exe', 'C:\\Users\\Admin\\AppData\\Local\\Temp\\tess_xdtgc58b_input.PNG', 'C:\\Users\\Admin\\AppData\\Local\\Temp\\tess_xdtgc58b', '-l', 'eng', '--psm', '7', 'txt']
2026-05-05 14:31:23,576 [INFO] Done. Report saved to: F:\DPI_AT_Project\AILanguage\Result\ocr_result_report_20260505_143123.xlsx
2026-05-05 14:31:27,991 [INFO] Image saved to: F:\DPI_AT_Project\AILanguage\CapturedImg\ocr_20260505_143123\Login_with_barcode.jpg
2026-05-05 14:31:27,992 [DEBUG] ['C:\\Program Files\\Tesseract-OCR\\tesseract.exe', 'C:\\Users\\Admin\\AppData\\Local\\Temp\\tess_f64ktrn__input.PNG', 'C:\\Users\\Admin\\AppData\\Local\\Temp\\tess_f64ktrn_', '-l', 'eng', '--psm', '7', 'txt']
2026-05-05 14:31:30,170 [INFO] Done. Report saved to: F:\DPI_AT_Project\AILanguage\Result\ocr_result_report_20260505_143130.xlsx
