2026-05-08 09:54:30,172 [INFO] ===== Start new session =====
2026-05-08 09:55:22,213 [INFO] Image saved to: F:\DPI_AT_Project\AILanguage\CapturedImg\ocr_20260508_095515\Recipe_Information.jpg
2026-05-08 09:55:22,217 [DEBUG] ['C:\\Program Files\\Tesseract-OCR\\tesseract.exe', 'C:\\Users\\Admin\\AppData\\Local\\Temp\\tess_t2zbsn_7_input.PNG', 'C:\\Users\\Admin\\AppData\\Local\\Temp\\tess_t2zbsn_7', '-l', 'eng', '--psm', '7', 'txt']
2026-05-08 09:55:23,578 [INFO] Image saved to: F:\DPI_AT_Project\AILanguage\CapturedImg\ocr_20260508_095515\Recipe_Information.jpg
2026-05-08 09:55:23,580 [DEBUG] ['C:\\Program Files\\Tesseract-OCR\\tesseract.exe', 'C:\\Users\\Admin\\AppData\\Local\\Temp\\tess_w9izp050_input.PNG', 'C:\\Users\\Admin\\AppData\\Local\\Temp\\tess_w9izp050', '-l', 'eng', '--psm', '7', 'txt']
2026-05-08 09:55:24,790 [INFO] Image saved to: F:\DPI_AT_Project\AILanguage\CapturedImg\ocr_20260508_095515\Recipe_Information.jpg
2026-05-08 09:55:24,792 [DEBUG] ['C:\\Program Files\\Tesseract-OCR\\tesseract.exe', 'C:\\Users\\Admin\\AppData\\Local\\Temp\\tess_lfgwdyrj_input.PNG', 'C:\\Users\\Admin\\AppData\\Local\\Temp\\tess_lfgwdyrj', '-l', 'eng', '--psm', '7', 'txt']
2026-05-08 09:55:25,992 [INFO] Image saved to: F:\DPI_AT_Project\AILanguage\CapturedImg\ocr_20260508_095515\Recipe_Information.jpg
2026-05-08 09:55:25,993 [DEBUG] ['C:\\Program Files\\Tesseract-OCR\\tesseract.exe', 'C:\\Users\\Admin\\AppData\\Local\\Temp\\tess_awkh06ji_input.PNG', 'C:\\Users\\Admin\\AppData\\Local\\Temp\\tess_awkh06ji', '-l', 'eng', '--psm', '7', 'txt']
2026-05-08 09:55:27,194 [INFO] Image saved to: F:\DPI_AT_Project\AILanguage\CapturedImg\ocr_20260508_095515\Recipe_Information.jpg
2026-05-08 09:55:27,195 [DEBUG] ['C:\\Program Files\\Tesseract-OCR\\tesseract.exe', 'C:\\Users\\Admin\\AppData\\Local\\Temp\\tess_78b7ybr8_input.PNG', 'C:\\Users\\Admin\\AppData\\Local\\Temp\\tess_78b7ybr8', '-l', 'eng', '--psm', '7', 'txt']
2026-05-08 09:55:28,391 [INFO] Image saved to: F:\DPI_AT_Project\AILanguage\CapturedImg\ocr_20260508_095515\Recipe_Information.jpg
2026-05-08 09:55:28,392 [DEBUG] ['C:\\Program Files\\Tesseract-OCR\\tesseract.exe', 'C:\\Users\\Admin\\AppData\\Local\\Temp\\tess_thug5pni_input.PNG', 'C:\\Users\\Admin\\AppData\\Local\\Temp\\tess_thug5pni', '-l', 'eng', '--psm', '7', 'txt']
2026-05-08 09:55:29,594 [INFO] Image saved to: F:\DPI_AT_Project\AILanguage\CapturedImg\ocr_20260508_095515\Recipe_Information.jpg
2026-05-08 09:55:29,595 [DEBUG] ['C:\\Program Files\\Tesseract-OCR\\tesseract.exe', 'C:\\Users\\Admin\\AppData\\Local\\Temp\\tess_pnir4idd_input.PNG', 'C:\\Users\\Admin\\AppData\\Local\\Temp\\tess_pnir4idd', '-l', 'eng', '--psm', '7', 'txt']
2026-05-08 09:55:30,792 [INFO] Image saved to: F:\DPI_AT_Project\AILanguage\CapturedImg\ocr_20260508_095515\Recipe_Information.jpg
2026-05-08 09:55:30,793 [DEBUG] ['C:\\Program Files\\Tesseract-OCR\\tesseract.exe', 'C:\\Users\\Admin\\AppData\\Local\\Temp\\tess_w57tdowl_input.PNG', 'C:\\Users\\Admin\\AppData\\Local\\Temp\\tess_w57tdowl', '-l', 'eng', '--psm', '7', 'txt']
2026-05-08 09:55:31,994 [INFO] Image saved to: F:\DPI_AT_Project\AILanguage\CapturedImg\ocr_20260508_095515\Recipe_Information.jpg
2026-05-08 09:55:31,995 [DEBUG] ['C:\\Program Files\\Tesseract-OCR\\tesseract.exe', 'C:\\Users\\Admin\\AppData\\Local\\Temp\\tess_xnsju5f5_input.PNG', 'C:\\Users\\Admin\\AppData\\Local\\Temp\\tess_xnsju5f5', '-l', 'eng', '--psm', '7', 'txt']
2026-05-08 09:55:33,206 [INFO] Image saved to: F:\DPI_AT_Project\AILanguage\CapturedImg\ocr_20260508_095515\Recipe_Information.jpg
2026-05-08 09:55:33,207 [DEBUG] ['C:\\Program Files\\Tesseract-OCR\\tesseract.exe', 'C:\\Users\\Admin\\AppData\\Local\\Temp\\tess_cbkj1e5y_input.PNG', 'C:\\Users\\Admin\\AppData\\Local\\Temp\\tess_cbkj1e5y', '-l', 'eng', '--psm', '7', 'txt']
2026-05-08 09:55:34,423 [INFO] Image saved to: F:\DPI_AT_Project\AILanguage\CapturedImg\ocr_20260508_095515\Recipe_Information.jpg
2026-05-08 09:55:34,425 [DEBUG] ['C:\\Program Files\\Tesseract-OCR\\tesseract.exe', 'C:\\Users\\Admin\\AppData\\Local\\Temp\\tess_sm7fti_c_input.PNG', 'C:\\Users\\Admin\\AppData\\Local\\Temp\\tess_sm7fti_c', '-l', 'eng', '--psm', '7', 'txt']
2026-05-08 09:55:35,637 [INFO] Image saved to: F:\DPI_AT_Project\AILanguage\CapturedImg\ocr_20260508_095515\Recipe_Information.jpg
2026-05-08 09:55:35,639 [DEBUG] ['C:\\Program Files\\Tesseract-OCR\\tesseract.exe', 'C:\\Users\\Admin\\AppData\\Local\\Temp\\tess_zixltqc5_input.PNG', 'C:\\Users\\Admin\\AppData\\Local\\Temp\\tess_zixltqc5', '-l', 'eng', '--psm', '7', 'txt']
2026-05-08 09:55:36,835 [INFO] Image saved to: F:\DPI_AT_Project\AILanguage\CapturedImg\ocr_20260508_095515\Recipe_Information.jpg
2026-05-08 09:55:36,836 [DEBUG] ['C:\\Program Files\\Tesseract-OCR\\tesseract.exe', 'C:\\Users\\Admin\\AppData\\Local\\Temp\\tess_5m82j33a_input.PNG', 'C:\\Users\\Admin\\AppData\\Local\\Temp\\tess_5m82j33a', '-l', 'eng', '--psm', '7', 'txt']
2026-05-08 09:55:36,996 [INFO] OCR verify PASS on retry #13: 'Recipe Information' (elapsed=14.9s)
2026-05-08 09:55:39,384 [INFO] Image saved to: F:\DPI_AT_Project\AILanguage\CapturedImg\ocr_20260508_095536\KOYOUNG_TECHNOLOGY.jpg
2026-05-08 09:55:39,386 [DEBUG] ['C:\\Program Files\\Tesseract-OCR\\tesseract.exe', 'C:\\Users\\Admin\\AppData\\Local\\Temp\\tess_vtl3i7sr_input.PNG', 'C:\\Users\\Admin\\AppData\\Local\\Temp\\tess_vtl3i7sr', '-l', 'eng', '--psm', '7', 'txt']
2026-05-08 09:55:40,583 [INFO] Image saved to: F:\DPI_AT_Project\AILanguage\CapturedImg\ocr_20260508_095536\KOYOUNG_TECHNOLOGY.jpg
2026-05-08 09:55:40,585 [DEBUG] ['C:\\Program Files\\Tesseract-OCR\\tesseract.exe', 'C:\\Users\\Admin\\AppData\\Local\\Temp\\tess_7b72ugiy_input.PNG', 'C:\\Users\\Admin\\AppData\\Local\\Temp\\tess_7b72ugiy', '-l', 'eng', '--psm', '7', 'txt']
2026-05-08 09:55:41,784 [INFO] Image saved to: F:\DPI_AT_Project\AILanguage\CapturedImg\ocr_20260508_095536\KOYOUNG_TECHNOLOGY.jpg
2026-05-08 09:55:41,786 [DEBUG] ['C:\\Program Files\\Tesseract-OCR\\tesseract.exe', 'C:\\Users\\Admin\\AppData\\Local\\Temp\\tess_4xzr7gse_input.PNG', 'C:\\Users\\Admin\\AppData\\Local\\Temp\\tess_4xzr7gse', '-l', 'eng', '--psm', '7', 'txt']
2026-05-08 09:55:42,985 [INFO] Image saved to: F:\DPI_AT_Project\AILanguage\CapturedImg\ocr_20260508_095536\KOYOUNG_TECHNOLOGY.jpg
2026-05-08 09:55:42,987 [DEBUG] ['C:\\Program Files\\Tesseract-OCR\\tesseract.exe', 'C:\\Users\\Admin\\AppData\\Local\\Temp\\tess_29ge25cn_input.PNG', 'C:\\Users\\Admin\\AppData\\Local\\Temp\\tess_29ge25cn', '-l', 'eng', '--psm', '7', 'txt']
2026-05-08 09:55:44,186 [INFO] Image saved to: F:\DPI_AT_Project\AILanguage\CapturedImg\ocr_20260508_095536\KOYOUNG_TECHNOLOGY.jpg
2026-05-08 09:55:44,187 [DEBUG] ['C:\\Program Files\\Tesseract-OCR\\tesseract.exe', 'C:\\Users\\Admin\\AppData\\Local\\Temp\\tess_8u_x14k__input.PNG', 'C:\\Users\\Admin\\AppData\\Local\\Temp\\tess_8u_x14k_', '-l', 'eng', '--psm', '7', 'txt']
2026-05-08 09:55:45,386 [INFO] Image saved to: F:\DPI_AT_Project\AILanguage\CapturedImg\ocr_20260508_095536\KOYOUNG_TECHNOLOGY.jpg
2026-05-08 09:55:45,387 [DEBUG] ['C:\\Program Files\\Tesseract-OCR\\tesseract.exe', 'C:\\Users\\Admin\\AppData\\Local\\Temp\\tess_8tp6sqs8_input.PNG', 'C:\\Users\\Admin\\AppData\\Local\\Temp\\tess_8tp6sqs8', '-l', 'eng', '--psm', '7', 'txt']
2026-05-08 09:55:46,586 [INFO] Image saved to: F:\DPI_AT_Project\AILanguage\CapturedImg\ocr_20260508_095536\KOYOUNG_TECHNOLOGY.jpg
2026-05-08 09:55:46,588 [DEBUG] ['C:\\Program Files\\Tesseract-OCR\\tesseract.exe', 'C:\\Users\\Admin\\AppData\\Local\\Temp\\tess_iwfx4ueh_input.PNG', 'C:\\Users\\Admin\\AppData\\Local\\Temp\\tess_iwfx4ueh', '-l', 'eng', '--psm', '7', 'txt']
2026-05-08 09:55:47,789 [INFO] Image saved to: F:\DPI_AT_Project\AILanguage\CapturedImg\ocr_20260508_095536\KOYOUNG_TECHNOLOGY.jpg
2026-05-08 09:55:47,790 [DEBUG] ['C:\\Program Files\\Tesseract-OCR\\tesseract.exe', 'C:\\Users\\Admin\\AppData\\Local\\Temp\\tess_7e010x6p_input.PNG', 'C:\\Users\\Admin\\AppData\\Local\\Temp\\tess_7e010x6p', '-l', 'eng', '--psm', '7', 'txt']
2026-05-08 09:55:48,989 [INFO] Image saved to: F:\DPI_AT_Project\AILanguage\CapturedImg\ocr_20260508_095536\KOYOUNG_TECHNOLOGY.jpg
2026-05-08 09:55:48,990 [DEBUG] ['C:\\Program Files\\Tesseract-OCR\\tesseract.exe', 'C:\\Users\\Admin\\AppData\\Local\\Temp\\tess_pblovjz2_input.PNG', 'C:\\Users\\Admin\\AppData\\Local\\Temp\\tess_pblovjz2', '-l', 'eng', '--psm', '7', 'txt']
2026-05-08 09:55:50,188 [INFO] Image saved to: F:\DPI_AT_Project\AILanguage\CapturedImg\ocr_20260508_095536\KOYOUNG_TECHNOLOGY.jpg
2026-05-08 09:55:50,190 [DEBUG] ['C:\\Program Files\\Tesseract-OCR\\tesseract.exe', 'C:\\Users\\Admin\\AppData\\Local\\Temp\\tess_sc7u9ci4_input.PNG', 'C:\\Users\\Admin\\AppData\\Local\\Temp\\tess_sc7u9ci4', '-l', 'eng', '--psm', '7', 'txt']
2026-05-08 09:55:51,407 [INFO] Image saved to: F:\DPI_AT_Project\AILanguage\CapturedImg\ocr_20260508_095536\KOYOUNG_TECHNOLOGY.jpg
2026-05-08 09:55:51,409 [DEBUG] ['C:\\Program Files\\Tesseract-OCR\\tesseract.exe', 'C:\\Users\\Admin\\AppData\\Local\\Temp\\tess__jr774ix_input.PNG', 'C:\\Users\\Admin\\AppData\\Local\\Temp\\tess__jr774ix', '-l', 'eng', '--psm', '7', 'txt']
2026-05-08 09:55:52,602 [INFO] Image saved to: F:\DPI_AT_Project\AILanguage\CapturedImg\ocr_20260508_095536\KOYOUNG_TECHNOLOGY.jpg
2026-05-08 09:55:52,603 [DEBUG] ['C:\\Program Files\\Tesseract-OCR\\tesseract.exe', 'C:\\Users\\Admin\\AppData\\Local\\Temp\\tess_p02grsm5_input.PNG', 'C:\\Users\\Admin\\AppData\\Local\\Temp\\tess_p02grsm5', '-l', 'eng', '--psm', '7', 'txt']
2026-05-08 09:55:53,789 [INFO] Image saved to: F:\DPI_AT_Project\AILanguage\CapturedImg\ocr_20260508_095536\KOYOUNG_TECHNOLOGY.jpg
2026-05-08 09:55:53,790 [DEBUG] ['C:\\Program Files\\Tesseract-OCR\\tesseract.exe', 'C:\\Users\\Admin\\AppData\\Local\\Temp\\tess_ju980b1u_input.PNG', 'C:\\Users\\Admin\\AppData\\Local\\Temp\\tess_ju980b1u', '-l', 'eng', '--psm', '7', 'txt']
2026-05-08 09:55:54,977 [INFO] Image saved to: F:\DPI_AT_Project\AILanguage\CapturedImg\ocr_20260508_095536\KOYOUNG_TECHNOLOGY.jpg
2026-05-08 09:55:54,978 [DEBUG] ['C:\\Program Files\\Tesseract-OCR\\tesseract.exe', 'C:\\Users\\Admin\\AppData\\Local\\Temp\\tess_0tukm3f4_input.PNG', 'C:\\Users\\Admin\\AppData\\Local\\Temp\\tess_0tukm3f4', '-l', 'eng', '--psm', '7', 'txt']
2026-05-08 09:55:56,163 [INFO] Image saved to: F:\DPI_AT_Project\AILanguage\CapturedImg\ocr_20260508_095536\KOYOUNG_TECHNOLOGY.jpg
2026-05-08 09:55:56,164 [DEBUG] ['C:\\Program Files\\Tesseract-OCR\\tesseract.exe', 'C:\\Users\\Admin\\AppData\\Local\\Temp\\tess_03yit4_w_input.PNG', 'C:\\Users\\Admin\\AppData\\Local\\Temp\\tess_03yit4_w', '-l', 'eng', '--psm', '7', 'txt']
2026-05-08 09:55:57,364 [INFO] Image saved to: F:\DPI_AT_Project\AILanguage\CapturedImg\ocr_20260508_095536\KOYOUNG_TECHNOLOGY.jpg
2026-05-08 09:55:57,366 [DEBUG] ['C:\\Program Files\\Tesseract-OCR\\tesseract.exe', 'C:\\Users\\Admin\\AppData\\Local\\Temp\\tess_8f0b5ux2_input.PNG', 'C:\\Users\\Admin\\AppData\\Local\\Temp\\tess_8f0b5ux2', '-l', 'eng', '--psm', '7', 'txt']
2026-05-08 09:55:58,565 [INFO] Image saved to: F:\DPI_AT_Project\AILanguage\CapturedImg\ocr_20260508_095536\KOYOUNG_TECHNOLOGY.jpg
2026-05-08 09:55:58,566 [DEBUG] ['C:\\Program Files\\Tesseract-OCR\\tesseract.exe', 'C:\\Users\\Admin\\AppData\\Local\\Temp\\tess_nid3eoet_input.PNG', 'C:\\Users\\Admin\\AppData\\Local\\Temp\\tess_nid3eoet', '-l', 'eng', '--psm', '7', 'txt']
2026-05-08 09:55:59,765 [INFO] Image saved to: F:\DPI_AT_Project\AILanguage\CapturedImg\ocr_20260508_095536\KOYOUNG_TECHNOLOGY.jpg
2026-05-08 09:55:59,766 [DEBUG] ['C:\\Program Files\\Tesseract-OCR\\tesseract.exe', 'C:\\Users\\Admin\\AppData\\Local\\Temp\\tess_pjdpfflw_input.PNG', 'C:\\Users\\Admin\\AppData\\Local\\Temp\\tess_pjdpfflw', '-l', 'eng', '--psm', '7', 'txt']
2026-05-08 09:56:00,969 [INFO] Image saved to: F:\DPI_AT_Project\AILanguage\CapturedImg\ocr_20260508_095536\KOYOUNG_TECHNOLOGY.jpg
2026-05-08 09:56:00,971 [DEBUG] ['C:\\Program Files\\Tesseract-OCR\\tesseract.exe', 'C:\\Users\\Admin\\AppData\\Local\\Temp\\tess_iy9qdalc_input.PNG', 'C:\\Users\\Admin\\AppData\\Local\\Temp\\tess_iy9qdalc', '-l', 'eng', '--psm', '7', 'txt']
2026-05-08 09:56:02,166 [INFO] Image saved to: F:\DPI_AT_Project\AILanguage\CapturedImg\ocr_20260508_095536\KOYOUNG_TECHNOLOGY.jpg
2026-05-08 09:56:02,168 [DEBUG] ['C:\\Program Files\\Tesseract-OCR\\tesseract.exe', 'C:\\Users\\Admin\\AppData\\Local\\Temp\\tess_n1bhq528_input.PNG', 'C:\\Users\\Admin\\AppData\\Local\\Temp\\tess_n1bhq528', '-l', 'eng', '--psm', '7', 'txt']
2026-05-08 09:56:03,356 [INFO] Image saved to: F:\DPI_AT_Project\AILanguage\CapturedImg\ocr_20260508_095536\KOYOUNG_TECHNOLOGY.jpg
2026-05-08 09:56:03,357 [DEBUG] ['C:\\Program Files\\Tesseract-OCR\\tesseract.exe', 'C:\\Users\\Admin\\AppData\\Local\\Temp\\tess_tt9qoz7f_input.PNG', 'C:\\Users\\Admin\\AppData\\Local\\Temp\\tess_tt9qoz7f', '-l', 'eng', '--psm', '7', 'txt']
2026-05-08 09:56:04,551 [INFO] Image saved to: F:\DPI_AT_Project\AILanguage\CapturedImg\ocr_20260508_095536\KOYOUNG_TECHNOLOGY.jpg
2026-05-08 09:56:04,553 [DEBUG] ['C:\\Program Files\\Tesseract-OCR\\tesseract.exe', 'C:\\Users\\Admin\\AppData\\Local\\Temp\\tess_chut_25n_input.PNG', 'C:\\Users\\Admin\\AppData\\Local\\Temp\\tess_chut_25n', '-l', 'eng', '--psm', '7', 'txt']
2026-05-08 09:56:05,741 [INFO] Image saved to: F:\DPI_AT_Project\AILanguage\CapturedImg\ocr_20260508_095536\KOYOUNG_TECHNOLOGY.jpg
2026-05-08 09:56:05,743 [DEBUG] ['C:\\Program Files\\Tesseract-OCR\\tesseract.exe', 'C:\\Users\\Admin\\AppData\\Local\\Temp\\tess_ibo7iha0_input.PNG', 'C:\\Users\\Admin\\AppData\\Local\\Temp\\tess_ibo7iha0', '-l', 'eng', '--psm', '7', 'txt']
2026-05-08 09:56:06,928 [INFO] Image saved to: F:\DPI_AT_Project\AILanguage\CapturedImg\ocr_20260508_095536\KOYOUNG_TECHNOLOGY.jpg
2026-05-08 09:56:06,929 [DEBUG] ['C:\\Program Files\\Tesseract-OCR\\tesseract.exe', 'C:\\Users\\Admin\\AppData\\Local\\Temp\\tess_p4rzs9pe_input.PNG', 'C:\\Users\\Admin\\AppData\\Local\\Temp\\tess_p4rzs9pe', '-l', 'eng', '--psm', '7', 'txt']
2026-05-08 09:56:08,115 [INFO] Image saved to: F:\DPI_AT_Project\AILanguage\CapturedImg\ocr_20260508_095536\KOYOUNG_TECHNOLOGY.jpg
2026-05-08 09:56:08,116 [DEBUG] ['C:\\Program Files\\Tesseract-OCR\\tesseract.exe', 'C:\\Users\\Admin\\AppData\\Local\\Temp\\tess_r58_1a6l_input.PNG', 'C:\\Users\\Admin\\AppData\\Local\\Temp\\tess_r58_1a6l', '-l', 'eng', '--psm', '7', 'txt']
2026-05-08 09:56:09,329 [INFO] Image saved to: F:\DPI_AT_Project\AILanguage\CapturedImg\ocr_20260508_095536\KOYOUNG_TECHNOLOGY.jpg
2026-05-08 09:56:09,330 [DEBUG] ['C:\\Program Files\\Tesseract-OCR\\tesseract.exe', 'C:\\Users\\Admin\\AppData\\Local\\Temp\\tess_juk9rmn6_input.PNG', 'C:\\Users\\Admin\\AppData\\Local\\Temp\\tess_juk9rmn6', '-l', 'eng', '--psm', '7', 'txt']
2026-05-08 09:56:09,507 [WARNING] OCR verify TIMEOUT after 26 retries (30.2s): expected='KOYOUNG TECHNOLOGY', detected='OO'
2026-05-08 09:56:09,676 [INFO] Done. Report saved to: F:\DPI_AT_Project\AILanguage\Result\ocr_result_report_20260508_095609.xlsx
